
 \u2502  \u26a0  WARNING – MkDocs 2.0 is incompatible with Material for MkDocs
 \u2502
 \u2502  MkDocs 2.0 introduces backward-incompatible changes:
 \u2502
 \u2502  × All plugins will stop working – the plugin system has been removed
 \u2502  × All theme overrides will break – the theming system has been rewritten
 \u2502  × No migration path exists – existing projects cannot be upgraded
 \u2502  × Closed contribution model – community members can't report bugs
 \u2502  × Currently unlicensed – unsuitable for production use
 \u2502
 \u2502  Our full analysis:
 \u2502
 \u2502  https://squidfunk.github.io/mkdocs-material/blog/2026/02/18/mkdocs-2.0/

INFO    -  Building documentation...
INFO    -  mkdocs_static_i18n: Building 'en' documentation to directory: C:\Users\sjoer\AppData\Local\Temp\mkdocs_8ozgk3_2
INFO    -  mkdocs_static_i18n: Adding 'nl' to the 'material/search' plugin 'lang' option
INFO    -  mkdocs_static_i18n: Adding 'de' to the 'material/search' plugin 'lang' option
INFO    -  mkdocs_static_i18n: Adding 'fr' to the 'material/search' plugin 'lang' option
INFO    -  Cleaning site directory
INFO    -  mkdocs_static_i18n: Building 'nl' documentation to directory: C:\Users\sjoer\AppData\Local\Temp\mkdocs_8ozgk3_2\nl
INFO    -  mkdocs_static_i18n: Translated 29 navigation elements to 'nl'
INFO    -  mkdocs_static_i18n: Building 'de' documentation to directory: C:\Users\sjoer\AppData\Local\Temp\mkdocs_8ozgk3_2\de
INFO    -  mkdocs_static_i18n: Translated 29 navigation elements to 'de'
INFO    -  mkdocs_static_i18n: Building 'fr' documentation to directory: C:\Users\sjoer\AppData\Local\Temp\mkdocs_8ozgk3_2\fr
INFO    -  mkdocs_static_i18n: Translated 29 navigation elements to 'fr'
INFO    -  Documentation built in 2.16 seconds
INFO    -  [16:16:23] Serving on http://127.0.0.1:8000/
WARNING -  [16:16:30] "GET /InstallationWithoutBox/1-installing-the-launcher/sitemap.xml HTTP/1.1" code 404
WARNING -  [16:16:30] "GET /de/InstallationWithoutBox/1-installing-the-launcher/sitemap.xml HTTP/1.1" code 404
WARNING -  [16:16:30] "GET /nl/InstallationWithoutBox/1-installing-the-launcher/sitemap.xml HTTP/1.1" code 404
WARNING -  [16:16:30] "GET /fr/InstallationWithoutBox/1-installing-the-launcher/sitemap.xml HTTP/1.1" code 404
WARNING -  [16:16:32] "GET /InstallationWithoutBox/2-adding-your-own-devices/sitemap.xml HTTP/1.1" code 404
WARNING -  [16:16:32] "GET /nl/InstallationWithoutBox/2-adding-your-own-devices/sitemap.xml HTTP/1.1" code 404
WARNING -  [16:16:32] "GET /fr/InstallationWithoutBox/2-adding-your-own-devices/sitemap.xml HTTP/1.1" code 404
WARNING -  [16:16:32] "GET /de/InstallationWithoutBox/2-adding-your-own-devices/sitemap.xml HTTP/1.1" code 404
WARNING -  [16:16:33] "GET /InstallationWithoutBox/3-updating-your-headset/sitemap.xml HTTP/1.1" code 404
WARNING -  [16:16:33] "GET /nl/InstallationWithoutBox/3-updating-your-headset/sitemap.xml HTTP/1.1" code 404
WARNING -  [16:16:33] "GET /de/InstallationWithoutBox/3-updating-your-headset/sitemap.xml HTTP/1.1" code 404
WARNING -  [16:16:33] "GET /fr/InstallationWithoutBox/3-updating-your-headset/sitemap.xml HTTP/1.1" code 404
WARNING -  [16:16:35] "GET /TrainingInVR/1-selecting-modules/sitemap.xml HTTP/1.1" code 404
WARNING -  [16:16:35] "GET /fr/TrainingInVR/1-selecting-modules/sitemap.xml HTTP/1.1" code 404
WARNING -  [16:16:35] "GET /nl/TrainingInVR/1-selecting-modules/sitemap.xml HTTP/1.1" code 404
WARNING -  [16:16:35] "GET /de/TrainingInVR/1-selecting-modules/sitemap.xml HTTP/1.1" code 404
WARNING -  [16:16:36] "GET /TrainingInVR/2-playing-a-module/sitemap.xml HTTP/1.1" code 404
WARNING -  [16:16:36] "GET /de/TrainingInVR/2-playing-a-module/sitemap.xml HTTP/1.1" code 404
WARNING -  [16:16:36] "GET /fr/TrainingInVR/2-playing-a-module/sitemap.xml HTTP/1.1" code 404
WARNING -  [16:16:36] "GET /nl/TrainingInVR/2-playing-a-module/sitemap.xml HTTP/1.1" code 404
WARNING -  [16:16:38] "GET /TrainingInVR/3-using-the-spectator/sitemap.xml HTTP/1.1" code 404
WARNING -  [16:16:38] "GET /de/TrainingInVR/3-using-the-spectator/sitemap.xml HTTP/1.1" code 404
WARNING -  [16:16:38] "GET /fr/TrainingInVR/3-using-the-spectator/sitemap.xml HTTP/1.1" code 404
WARNING -  [16:16:38] "GET /nl/TrainingInVR/3-using-the-spectator/sitemap.xml HTTP/1.1" code 404
WARNING -  [16:16:39] "GET /TrainingInVR/4-switching-students/sitemap.xml HTTP/1.1" code 404
WARNING -  [16:16:39] "GET /de/TrainingInVR/4-switching-students/sitemap.xml HTTP/1.1" code 404
WARNING -  [16:16:39] "GET /nl/TrainingInVR/4-switching-students/sitemap.xml HTTP/1.1" code 404
WARNING -  [16:16:39] "GET /fr/TrainingInVR/4-switching-students/sitemap.xml HTTP/1.1" code 404
WARNING -  [16:16:41] "GET /TrainingInVR/5-changing-language/sitemap.xml HTTP/1.1" code 404
WARNING -  [16:16:41] "GET /de/TrainingInVR/5-changing-language/sitemap.xml HTTP/1.1" code 404
WARNING -  [16:16:41] "GET /nl/TrainingInVR/5-changing-language/sitemap.xml HTTP/1.1" code 404
WARNING -  [16:16:41] "GET /fr/TrainingInVR/5-changing-language/sitemap.xml HTTP/1.1" code 404
WARNING -  [16:16:42] "GET /TrainingPortal/1-setting-up-students/sitemap.xml HTTP/1.1" code 404
WARNING -  [16:16:42] "GET /de/TrainingPortal/1-setting-up-students/sitemap.xml HTTP/1.1" code 404
WARNING -  [16:16:42] "GET /nl/TrainingPortal/1-setting-up-students/sitemap.xml HTTP/1.1" code 404
WARNING -  [16:16:42] "GET /fr/TrainingPortal/1-setting-up-students/sitemap.xml HTTP/1.1" code 404
WARNING -  [16:16:44] "GET /TrainingPortal/2-setting-up-classes/sitemap.xml HTTP/1.1" code 404
WARNING -  [16:16:44] "GET /nl/TrainingPortal/2-setting-up-classes/sitemap.xml HTTP/1.1" code 404
WARNING -  [16:16:44] "GET /de/TrainingPortal/2-setting-up-classes/sitemap.xml HTTP/1.1" code 404
WARNING -  [16:16:44] "GET /fr/TrainingPortal/2-setting-up-classes/sitemap.xml HTTP/1.1" code 404
WARNING -  [16:16:45] "GET /TrainingPortal/3-viewing-results/sitemap.xml HTTP/1.1" code 404
WARNING -  [16:16:45] "GET /nl/TrainingPortal/3-viewing-results/sitemap.xml HTTP/1.1" code 404
WARNING -  [16:16:45] "GET /de/TrainingPortal/3-viewing-results/sitemap.xml HTTP/1.1" code 404
WARNING -  [16:16:45] "GET /fr/TrainingPortal/3-viewing-results/sitemap.xml HTTP/1.1" code 404
WARNING -  [16:16:47] "GET /TrainingPortal/4-using-training-programs/sitemap.xml HTTP/1.1" code 404
WARNING -  [16:16:47] "GET /nl/TrainingPortal/4-using-training-programs/sitemap.xml HTTP/1.1" code 404
WARNING -  [16:16:47] "GET /de/TrainingPortal/4-using-training-programs/sitemap.xml HTTP/1.1" code 404
WARNING -  [16:16:47] "GET /fr/TrainingPortal/4-using-training-programs/sitemap.xml HTTP/1.1" code 404
WARNING -  [16:16:49] "GET /Troubleshooting/1-resetting-the-play-area/sitemap.xml HTTP/1.1" code 404
WARNING -  [16:16:49] "GET /nl/Troubleshooting/1-resetting-the-play-area/sitemap.xml HTTP/1.1" code 404
WARNING -  [16:16:49] "GET /de/Troubleshooting/1-resetting-the-play-area/sitemap.xml HTTP/1.1" code 404
WARNING -  [16:16:49] "GET /fr/Troubleshooting/1-resetting-the-play-area/sitemap.xml HTTP/1.1" code 404
WARNING -  [16:16:50] "GET /Troubleshooting/2-restarting-your-headset/sitemap.xml HTTP/1.1" code 404
WARNING -  [16:16:50] "GET /nl/Troubleshooting/2-restarting-your-headset/sitemap.xml HTTP/1.1" code 404
WARNING -  [16:16:50] "GET /de/Troubleshooting/2-restarting-your-headset/sitemap.xml HTTP/1.1" code 404
WARNING -  [16:16:50] "GET /fr/Troubleshooting/2-restarting-your-headset/sitemap.xml HTTP/1.1" code 404
WARNING -  [16:16:52] "GET /Troubleshooting/3-no-wifi/sitemap.xml HTTP/1.1" code 404
WARNING -  [16:16:52] "GET /de/Troubleshooting/3-no-wifi/sitemap.xml HTTP/1.1" code 404
WARNING -  [16:16:52] "GET /nl/Troubleshooting/3-no-wifi/sitemap.xml HTTP/1.1" code 404
WARNING -  [16:16:52] "GET /fr/Troubleshooting/3-no-wifi/sitemap.xml HTTP/1.1" code 404
WARNING -  [16:16:53] "GET /Troubleshooting/4-controllers-not-working/sitemap.xml HTTP/1.1" code 404
WARNING -  [16:16:53] "GET /nl/Troubleshooting/4-controllers-not-working/sitemap.xml HTTP/1.1" code 404
WARNING -  [16:16:53] "GET /de/Troubleshooting/4-controllers-not-working/sitemap.xml HTTP/1.1" code 404
WARNING -  [16:16:53] "GET /fr/Troubleshooting/4-controllers-not-working/sitemap.xml HTTP/1.1" code 404
WARNING -  [16:16:55] "GET /Troubleshooting/5-need-support/sitemap.xml HTTP/1.1" code 404
WARNING -  [16:16:55] "GET /de/Troubleshooting/5-need-support/sitemap.xml HTTP/1.1" code 404
WARNING -  [16:16:55] "GET /nl/Troubleshooting/5-need-support/sitemap.xml HTTP/1.1" code 404
WARNING -  [16:16:55] "GET /fr/Troubleshooting/5-need-support/sitemap.xml HTTP/1.1" code 404
WARNING -  [16:16:56] "GET /UsingYourBox/1-whats-in-the-box/sitemap.xml HTTP/1.1" code 404
WARNING -  [16:16:56] "GET /nl/UsingYourBox/1-whats-in-the-box/sitemap.xml HTTP/1.1" code 404
WARNING -  [16:16:56] "GET /fr/UsingYourBox/1-whats-in-the-box/sitemap.xml HTTP/1.1" code 404
WARNING -  [16:16:56] "GET /de/UsingYourBox/1-whats-in-the-box/sitemap.xml HTTP/1.1" code 404
WARNING -  [16:16:58] "GET /UsingYourBox/2-starting-the-box/sitemap.xml HTTP/1.1" code 404
WARNING -  [16:16:58] "GET /de/UsingYourBox/2-starting-the-box/sitemap.xml HTTP/1.1" code 404
WARNING -  [16:16:58] "GET /nl/UsingYourBox/2-starting-the-box/sitemap.xml HTTP/1.1" code 404
WARNING -  [16:16:58] "GET /fr/UsingYourBox/2-starting-the-box/sitemap.xml HTTP/1.1" code 404
WARNING -  [16:16:59] "GET /UsingYourBox/3-how-to-use-vr/sitemap.xml HTTP/1.1" code 404
WARNING -  [16:16:59] "GET /nl/UsingYourBox/3-how-to-use-vr/sitemap.xml HTTP/1.1" code 404
WARNING -  [16:16:59] "GET /de/UsingYourBox/3-how-to-use-vr/sitemap.xml HTTP/1.1" code 404
WARNING -  [16:16:59] "GET /fr/UsingYourBox/3-how-to-use-vr/sitemap.xml HTTP/1.1" code 404
WARNING -  [16:17:01] "GET /UsingYourBox/4-guardian-setup/sitemap.xml HTTP/1.1" code 404
WARNING -  [16:17:01] "GET /de/UsingYourBox/4-guardian-setup/sitemap.xml HTTP/1.1" code 404
WARNING -  [16:17:01] "GET /nl/UsingYourBox/4-guardian-setup/sitemap.xml HTTP/1.1" code 404
WARNING -  [16:17:01] "GET /fr/UsingYourBox/4-guardian-setup/sitemap.xml HTTP/1.1" code 404
WARNING -  [16:17:03] "GET /UsingYourBox/5-turning-off-the-box/sitemap.xml HTTP/1.1" code 404
WARNING -  [16:17:03] "GET /de/UsingYourBox/5-turning-off-the-box/sitemap.xml HTTP/1.1" code 404
WARNING -  [16:17:03] "GET /fr/UsingYourBox/5-turning-off-the-box/sitemap.xml HTTP/1.1" code 404
WARNING -  [16:17:03] "GET /nl/UsingYourBox/5-turning-off-the-box/sitemap.xml HTTP/1.1" code 404
WARNING -  [16:17:04] "GET /UsingYourBox/6-updating-your-box/sitemap.xml HTTP/1.1" code 404
WARNING -  [16:17:04] "GET /fr/UsingYourBox/6-updating-your-box/sitemap.xml HTTP/1.1" code 404
WARNING -  [16:17:04] "GET /nl/UsingYourBox/6-updating-your-box/sitemap.xml HTTP/1.1" code 404
WARNING -  [16:17:04] "GET /de/UsingYourBox/6-updating-your-box/sitemap.xml HTTP/1.1" code 404
WARNING -  [16:17:06] "GET /InstallationWithoutBox/1-installing-the-launcher/sitemap.xml HTTP/1.1" code 404
WARNING -  [16:17:06] "GET /nl/InstallationWithoutBox/1-installing-the-launcher/sitemap.xml HTTP/1.1" code 404
WARNING -  [16:17:06] "GET /de/InstallationWithoutBox/1-installing-the-launcher/sitemap.xml HTTP/1.1" code 404
WARNING -  [16:17:06] "GET /fr/InstallationWithoutBox/1-installing-the-launcher/sitemap.xml HTTP/1.1" code 404
WARNING -  [16:17:07] "GET /InstallationWithoutBox/2-adding-your-own-devices/sitemap.xml HTTP/1.1" code 404
WARNING -  [16:17:07] "GET /nl/InstallationWithoutBox/2-adding-your-own-devices/sitemap.xml HTTP/1.1" code 404
WARNING -  [16:17:07] "GET /de/InstallationWithoutBox/2-adding-your-own-devices/sitemap.xml HTTP/1.1" code 404
WARNING -  [16:17:07] "GET /fr/InstallationWithoutBox/2-adding-your-own-devices/sitemap.xml HTTP/1.1" code 404
WARNING -  [16:17:09] "GET /InstallationWithoutBox/3-updating-your-headset/sitemap.xml HTTP/1.1" code 404
WARNING -  [16:17:09] "GET /nl/InstallationWithoutBox/3-updating-your-headset/sitemap.xml HTTP/1.1" code 404
WARNING -  [16:17:09] "GET /de/InstallationWithoutBox/3-updating-your-headset/sitemap.xml HTTP/1.1" code 404
WARNING -  [16:17:09] "GET /fr/InstallationWithoutBox/3-updating-your-headset/sitemap.xml HTTP/1.1" code 404
WARNING -  [16:17:11] "GET /TrainingInVR/1-selecting-modules/sitemap.xml HTTP/1.1" code 404
WARNING -  [16:17:11] "GET /de/TrainingInVR/1-selecting-modules/sitemap.xml HTTP/1.1" code 404
WARNING -  [16:17:11] "GET /fr/TrainingInVR/1-selecting-modules/sitemap.xml HTTP/1.1" code 404
WARNING -  [16:17:11] "GET /nl/TrainingInVR/1-selecting-modules/sitemap.xml HTTP/1.1" code 404
WARNING -  [16:17:12] "GET /TrainingInVR/2-playing-a-module/sitemap.xml HTTP/1.1" code 404
WARNING -  [16:17:12] "GET /nl/TrainingInVR/2-playing-a-module/sitemap.xml HTTP/1.1" code 404
WARNING -  [16:17:12] "GET /fr/TrainingInVR/2-playing-a-module/sitemap.xml HTTP/1.1" code 404
WARNING -  [16:17:12] "GET /de/TrainingInVR/2-playing-a-module/sitemap.xml HTTP/1.1" code 404
WARNING -  [16:17:14] "GET /TrainingInVR/3-using-the-spectator/sitemap.xml HTTP/1.1" code 404
WARNING -  [16:17:14] "GET /nl/TrainingInVR/3-using-the-spectator/sitemap.xml HTTP/1.1" code 404
WARNING -  [16:17:14] "GET /de/TrainingInVR/3-using-the-spectator/sitemap.xml HTTP/1.1" code 404
WARNING -  [16:17:14] "GET /fr/TrainingInVR/3-using-the-spectator/sitemap.xml HTTP/1.1" code 404
WARNING -  [16:17:15] "GET /TrainingInVR/4-switching-students/sitemap.xml HTTP/1.1" code 404
WARNING -  [16:17:15] "GET /nl/TrainingInVR/4-switching-students/sitemap.xml HTTP/1.1" code 404
WARNING -  [16:17:15] "GET /de/TrainingInVR/4-switching-students/sitemap.xml HTTP/1.1" code 404
WARNING -  [16:17:15] "GET /fr/TrainingInVR/4-switching-students/sitemap.xml HTTP/1.1" code 404
WARNING -  [16:17:17] "GET /TrainingInVR/5-changing-language/sitemap.xml HTTP/1.1" code 404
WARNING -  [16:17:17] "GET /de/TrainingInVR/5-changing-language/sitemap.xml HTTP/1.1" code 404
WARNING -  [16:17:17] "GET /nl/TrainingInVR/5-changing-language/sitemap.xml HTTP/1.1" code 404
WARNING -  [16:17:17] "GET /fr/TrainingInVR/5-changing-language/sitemap.xml HTTP/1.1" code 404
WARNING -  [16:17:18] "GET /TrainingPortal/1-setting-up-students/sitemap.xml HTTP/1.1" code 404
WARNING -  [16:17:18] "GET /nl/TrainingPortal/1-setting-up-students/sitemap.xml HTTP/1.1" code 404
WARNING -  [16:17:18] "GET /fr/TrainingPortal/1-setting-up-students/sitemap.xml HTTP/1.1" code 404
WARNING -  [16:17:18] "GET /de/TrainingPortal/1-setting-up-students/sitemap.xml HTTP/1.1" code 404
WARNING -  [16:17:20] "GET /TrainingPortal/2-setting-up-classes/sitemap.xml HTTP/1.1" code 404
WARNING -  [16:17:20] "GET /nl/TrainingPortal/2-setting-up-classes/sitemap.xml HTTP/1.1" code 404
WARNING -  [16:17:20] "GET /de/TrainingPortal/2-setting-up-classes/sitemap.xml HTTP/1.1" code 404
WARNING -  [16:17:20] "GET /fr/TrainingPortal/2-setting-up-classes/sitemap.xml HTTP/1.1" code 404
WARNING -  [16:17:22] "GET /TrainingPortal/3-viewing-results/sitemap.xml HTTP/1.1" code 404
WARNING -  [16:17:22] "GET /nl/TrainingPortal/3-viewing-results/sitemap.xml HTTP/1.1" code 404
WARNING -  [16:17:22] "GET /de/TrainingPortal/3-viewing-results/sitemap.xml HTTP/1.1" code 404
WARNING -  [16:17:22] "GET /fr/TrainingPortal/3-viewing-results/sitemap.xml HTTP/1.1" code 404
WARNING -  [16:17:23] "GET /TrainingPortal/4-using-training-programs/sitemap.xml HTTP/1.1" code 404
WARNING -  [16:17:23] "GET /nl/TrainingPortal/4-using-training-programs/sitemap.xml HTTP/1.1" code 404
WARNING -  [16:17:23] "GET /de/TrainingPortal/4-using-training-programs/sitemap.xml HTTP/1.1" code 404
WARNING -  [16:17:23] "GET /fr/TrainingPortal/4-using-training-programs/sitemap.xml HTTP/1.1" code 404
WARNING -  [16:17:25] "GET /Troubleshooting/1-resetting-the-play-area/sitemap.xml HTTP/1.1" code 404
WARNING -  [16:17:25] "GET /nl/Troubleshooting/1-resetting-the-play-area/sitemap.xml HTTP/1.1" code 404
WARNING -  [16:17:25] "GET /de/Troubleshooting/1-resetting-the-play-area/sitemap.xml HTTP/1.1" code 404
WARNING -  [16:17:25] "GET /fr/Troubleshooting/1-resetting-the-play-area/sitemap.xml HTTP/1.1" code 404
WARNING -  [16:17:26] "GET /Troubleshooting/2-restarting-your-headset/sitemap.xml HTTP/1.1" code 404
WARNING -  [16:17:26] "GET /nl/Troubleshooting/2-restarting-your-headset/sitemap.xml HTTP/1.1" code 404
WARNING -  [16:17:26] "GET /fr/Troubleshooting/2-restarting-your-headset/sitemap.xml HTTP/1.1" code 404
WARNING -  [16:17:26] "GET /de/Troubleshooting/2-restarting-your-headset/sitemap.xml HTTP/1.1" code 404
WARNING -  [16:17:28] "GET /Troubleshooting/3-no-wifi/sitemap.xml HTTP/1.1" code 404
WARNING -  [16:17:28] "GET /nl/Troubleshooting/3-no-wifi/sitemap.xml HTTP/1.1" code 404
WARNING -  [16:17:28] "GET /de/Troubleshooting/3-no-wifi/sitemap.xml HTTP/1.1" code 404
WARNING -  [16:17:28] "GET /fr/Troubleshooting/3-no-wifi/sitemap.xml HTTP/1.1" code 404
WARNING -  [16:17:30] "GET /Troubleshooting/4-controllers-not-working/sitemap.xml HTTP/1.1" code 404
WARNING -  [16:17:30] "GET /nl/Troubleshooting/4-controllers-not-working/sitemap.xml HTTP/1.1" code 404
WARNING -  [16:17:30] "GET /de/Troubleshooting/4-controllers-not-working/sitemap.xml HTTP/1.1" code 404
WARNING -  [16:17:30] "GET /fr/Troubleshooting/4-controllers-not-working/sitemap.xml HTTP/1.1" code 404
WARNING -  [16:17:31] "GET /Troubleshooting/5-need-support/sitemap.xml HTTP/1.1" code 404
WARNING -  [16:17:31] "GET /nl/Troubleshooting/5-need-support/sitemap.xml HTTP/1.1" code 404
WARNING -  [16:17:31] "GET /de/Troubleshooting/5-need-support/sitemap.xml HTTP/1.1" code 404
WARNING -  [16:17:31] "GET /fr/Troubleshooting/5-need-support/sitemap.xml HTTP/1.1" code 404
WARNING -  [16:17:33] "GET /UsingYourBox/1-whats-in-the-box/sitemap.xml HTTP/1.1" code 404
WARNING -  [16:17:33] "GET /nl/UsingYourBox/1-whats-in-the-box/sitemap.xml HTTP/1.1" code 404
WARNING -  [16:17:33] "GET /de/UsingYourBox/1-whats-in-the-box/sitemap.xml HTTP/1.1" code 404
WARNING -  [16:17:33] "GET /fr/UsingYourBox/1-whats-in-the-box/sitemap.xml HTTP/1.1" code 404
WARNING -  [16:17:34] "GET /UsingYourBox/2-starting-the-box/sitemap.xml HTTP/1.1" code 404
WARNING -  [16:17:34] "GET /nl/UsingYourBox/2-starting-the-box/sitemap.xml HTTP/1.1" code 404
WARNING -  [16:17:34] "GET /de/UsingYourBox/2-starting-the-box/sitemap.xml HTTP/1.1" code 404
WARNING -  [16:17:34] "GET /fr/UsingYourBox/2-starting-the-box/sitemap.xml HTTP/1.1" code 404
WARNING -  [16:17:36] "GET /UsingYourBox/3-how-to-use-vr/sitemap.xml HTTP/1.1" code 404
WARNING -  [16:17:36] "GET /nl/UsingYourBox/3-how-to-use-vr/sitemap.xml HTTP/1.1" code 404
WARNING -  [16:17:36] "GET /fr/UsingYourBox/3-how-to-use-vr/sitemap.xml HTTP/1.1" code 404
WARNING -  [16:17:36] "GET /de/UsingYourBox/3-how-to-use-vr/sitemap.xml HTTP/1.1" code 404
WARNING -  [16:17:38] "GET /UsingYourBox/4-guardian-setup/sitemap.xml HTTP/1.1" code 404
WARNING -  [16:17:38] "GET /nl/UsingYourBox/4-guardian-setup/sitemap.xml HTTP/1.1" code 404
WARNING -  [16:17:38] "GET /de/UsingYourBox/4-guardian-setup/sitemap.xml HTTP/1.1" code 404
WARNING -  [16:17:38] "GET /fr/UsingYourBox/4-guardian-setup/sitemap.xml HTTP/1.1" code 404
WARNING -  [16:17:39] "GET /UsingYourBox/5-turning-off-the-box/sitemap.xml HTTP/1.1" code 404
WARNING -  [16:17:39] "GET /nl/UsingYourBox/5-turning-off-the-box/sitemap.xml HTTP/1.1" code 404
WARNING -  [16:17:39] "GET /de/UsingYourBox/5-turning-off-the-box/sitemap.xml HTTP/1.1" code 404
WARNING -  [16:17:39] "GET /fr/UsingYourBox/5-turning-off-the-box/sitemap.xml HTTP/1.1" code 404
WARNING -  [16:17:41] "GET /UsingYourBox/6-updating-your-box/sitemap.xml HTTP/1.1" code 404
WARNING -  [16:17:41] "GET /nl/UsingYourBox/6-updating-your-box/sitemap.xml HTTP/1.1" code 404
WARNING -  [16:17:41] "GET /fr/UsingYourBox/6-updating-your-box/sitemap.xml HTTP/1.1" code 404
WARNING -  [16:17:41] "GET /de/UsingYourBox/6-updating-your-box/sitemap.xml HTTP/1.1" code 404
WARNING -  [16:17:43] "GET /InstallationWithoutBox/1-installing-the-launcher/sitemap.xml HTTP/1.1" code 404
WARNING -  [16:17:43] "GET /nl/InstallationWithoutBox/1-installing-the-launcher/sitemap.xml HTTP/1.1" code 404
WARNING -  [16:17:43] "GET /de/InstallationWithoutBox/1-installing-the-launcher/sitemap.xml HTTP/1.1" code 404
WARNING -  [16:17:43] "GET /fr/InstallationWithoutBox/1-installing-the-launcher/sitemap.xml HTTP/1.1" code 404
WARNING -  [16:17:44] "GET /InstallationWithoutBox/2-adding-your-own-devices/sitemap.xml HTTP/1.1" code 404
WARNING -  [16:17:44] "GET /nl/InstallationWithoutBox/2-adding-your-own-devices/sitemap.xml HTTP/1.1" code 404
WARNING -  [16:17:44] "GET /de/InstallationWithoutBox/2-adding-your-own-devices/sitemap.xml HTTP/1.1" code 404
WARNING -  [16:17:44] "GET /fr/InstallationWithoutBox/2-adding-your-own-devices/sitemap.xml HTTP/1.1" code 404
WARNING -  [16:17:46] "GET /InstallationWithoutBox/3-updating-your-headset/sitemap.xml HTTP/1.1" code 404
WARNING -  [16:17:46] "GET /nl/InstallationWithoutBox/3-updating-your-headset/sitemap.xml HTTP/1.1" code 404
WARNING -  [16:17:46] "GET /de/InstallationWithoutBox/3-updating-your-headset/sitemap.xml HTTP/1.1" code 404
WARNING -  [16:17:46] "GET /fr/InstallationWithoutBox/3-updating-your-headset/sitemap.xml HTTP/1.1" code 404
WARNING -  [16:17:47] "GET /InstallationWithoutBox/1-installing-the-launcher/sitemap.xml HTTP/1.1" code 404
WARNING -  [16:17:47] "GET /nl/InstallationWithoutBox/1-installing-the-launcher/sitemap.xml HTTP/1.1" code 404
WARNING -  [16:17:47] "GET /fr/InstallationWithoutBox/1-installing-the-launcher/sitemap.xml HTTP/1.1" code 404
WARNING -  [16:17:47] "GET /de/InstallationWithoutBox/1-installing-the-launcher/sitemap.xml HTTP/1.1" code 404
WARNING -  [16:17:49] "GET /InstallationWithoutBox/2-adding-your-own-devices/sitemap.xml HTTP/1.1" code 404
WARNING -  [16:17:49] "GET /nl/InstallationWithoutBox/2-adding-your-own-devices/sitemap.xml HTTP/1.1" code 404
WARNING -  [16:17:49] "GET /de/InstallationWithoutBox/2-adding-your-own-devices/sitemap.xml HTTP/1.1" code 404
WARNING -  [16:17:49] "GET /fr/InstallationWithoutBox/2-adding-your-own-devices/sitemap.xml HTTP/1.1" code 404
WARNING -  [16:17:50] "GET /nl/InstallationWithoutBox/3-updating-your-headset/sitemap.xml HTTP/1.1" code 404
WARNING -  [16:17:50] "GET /InstallationWithoutBox/3-updating-your-headset/sitemap.xml HTTP/1.1" code 404
WARNING -  [16:17:50] "GET /de/InstallationWithoutBox/3-updating-your-headset/sitemap.xml HTTP/1.1" code 404
WARNING -  [16:17:50] "GET /fr/InstallationWithoutBox/3-updating-your-headset/sitemap.xml HTTP/1.1" code 404
WARNING -  [16:17:52] "GET /TrainingInVR/1-selecting-modules/sitemap.xml HTTP/1.1" code 404
WARNING -  [16:17:52] "GET /nl/TrainingInVR/1-selecting-modules/sitemap.xml HTTP/1.1" code 404
WARNING -  [16:17:52] "GET /de/TrainingInVR/1-selecting-modules/sitemap.xml HTTP/1.1" code 404
WARNING -  [16:17:52] "GET /fr/TrainingInVR/1-selecting-modules/sitemap.xml HTTP/1.1" code 404
WARNING -  [16:17:53] "GET /TrainingInVR/2-playing-a-module/sitemap.xml HTTP/1.1" code 404
WARNING -  [16:17:53] "GET /nl/TrainingInVR/2-playing-a-module/sitemap.xml HTTP/1.1" code 404
WARNING -  [16:17:53] "GET /de/TrainingInVR/2-playing-a-module/sitemap.xml HTTP/1.1" code 404
WARNING -  [16:17:53] "GET /fr/TrainingInVR/2-playing-a-module/sitemap.xml HTTP/1.1" code 404
WARNING -  [16:17:55] "GET /TrainingInVR/3-using-the-spectator/sitemap.xml HTTP/1.1" code 404
WARNING -  [16:17:55] "GET /nl/TrainingInVR/3-using-the-spectator/sitemap.xml HTTP/1.1" code 404
WARNING -  [16:17:55] "GET /fr/TrainingInVR/3-using-the-spectator/sitemap.xml HTTP/1.1" code 404
WARNING -  [16:17:55] "GET /de/TrainingInVR/3-using-the-spectator/sitemap.xml HTTP/1.1" code 404
WARNING -  [16:17:56] "GET /TrainingInVR/4-switching-students/sitemap.xml HTTP/1.1" code 404
WARNING -  [16:17:56] "GET /nl/TrainingInVR/4-switching-students/sitemap.xml HTTP/1.1" code 404
WARNING -  [16:17:56] "GET /de/TrainingInVR/4-switching-students/sitemap.xml HTTP/1.1" code 404
WARNING -  [16:17:57] "GET /fr/TrainingInVR/4-switching-students/sitemap.xml HTTP/1.1" code 404
WARNING -  [16:17:58] "GET /TrainingInVR/5-changing-language/sitemap.xml HTTP/1.1" code 404
WARNING -  [16:17:58] "GET /nl/TrainingInVR/5-changing-language/sitemap.xml HTTP/1.1" code 404
WARNING -  [16:17:58] "GET /de/TrainingInVR/5-changing-language/sitemap.xml HTTP/1.1" code 404
WARNING -  [16:17:58] "GET /fr/TrainingInVR/5-changing-language/sitemap.xml HTTP/1.1" code 404
WARNING -  [16:18:00] "GET /TrainingPortal/1-setting-up-students/sitemap.xml HTTP/1.1" code 404
WARNING -  [16:18:00] "GET /nl/TrainingPortal/1-setting-up-students/sitemap.xml HTTP/1.1" code 404
WARNING -  [16:18:00] "GET /de/TrainingPortal/1-setting-up-students/sitemap.xml HTTP/1.1" code 404
WARNING -  [16:18:00] "GET /fr/TrainingPortal/1-setting-up-students/sitemap.xml HTTP/1.1" code 404
WARNING -  [16:18:01] "GET /TrainingPortal/2-setting-up-classes/sitemap.xml HTTP/1.1" code 404
WARNING -  [16:18:01] "GET /nl/TrainingPortal/2-setting-up-classes/sitemap.xml HTTP/1.1" code 404
WARNING -  [16:18:01] "GET /fr/TrainingPortal/2-setting-up-classes/sitemap.xml HTTP/1.1" code 404
WARNING -  [16:18:01] "GET /de/TrainingPortal/2-setting-up-classes/sitemap.xml HTTP/1.1" code 404
WARNING -  [16:18:03] "GET /TrainingPortal/3-viewing-results/sitemap.xml HTTP/1.1" code 404
WARNING -  [16:18:03] "GET /nl/TrainingPortal/3-viewing-results/sitemap.xml HTTP/1.1" code 404
WARNING -  [16:18:03] "GET /de/TrainingPortal/3-viewing-results/sitemap.xml HTTP/1.1" code 404
WARNING -  [16:18:03] "GET /fr/TrainingPortal/3-viewing-results/sitemap.xml HTTP/1.1" code 404
WARNING -  [16:18:05] "GET /TrainingPortal/4-using-training-programs/sitemap.xml HTTP/1.1" code 404
WARNING -  [16:18:05] "GET /nl/TrainingPortal/4-using-training-programs/sitemap.xml HTTP/1.1" code 404
WARNING -  [16:18:05] "GET /fr/TrainingPortal/4-using-training-programs/sitemap.xml HTTP/1.1" code 404
WARNING -  [16:18:05] "GET /de/TrainingPortal/4-using-training-programs/sitemap.xml HTTP/1.1" code 404
WARNING -  [16:18:06] "GET /Troubleshooting/1-resetting-the-play-area/sitemap.xml HTTP/1.1" code 404
WARNING -  [16:18:06] "GET /nl/Troubleshooting/1-resetting-the-play-area/sitemap.xml HTTP/1.1" code 404
WARNING -  [16:18:06] "GET /de/Troubleshooting/1-resetting-the-play-area/sitemap.xml HTTP/1.1" code 404
WARNING -  [16:18:06] "GET /fr/Troubleshooting/1-resetting-the-play-area/sitemap.xml HTTP/1.1" code 404
WARNING -  [16:18:08] "GET /Troubleshooting/2-restarting-your-headset/sitemap.xml HTTP/1.1" code 404
WARNING -  [16:18:08] "GET /de/Troubleshooting/2-restarting-your-headset/sitemap.xml HTTP/1.1" code 404
WARNING -  [16:18:08] "GET /nl/Troubleshooting/2-restarting-your-headset/sitemap.xml HTTP/1.1" code 404
WARNING -  [16:18:08] "GET /fr/Troubleshooting/2-restarting-your-headset/sitemap.xml HTTP/1.1" code 404
WARNING -  [16:18:09] "GET /Troubleshooting/3-no-wifi/sitemap.xml HTTP/1.1" code 404
WARNING -  [16:18:09] "GET /fr/Troubleshooting/3-no-wifi/sitemap.xml HTTP/1.1" code 404
WARNING -  [16:18:09] "GET /nl/Troubleshooting/3-no-wifi/sitemap.xml HTTP/1.1" code 404
WARNING -  [16:18:09] "GET /de/Troubleshooting/3-no-wifi/sitemap.xml HTTP/1.1" code 404
WARNING -  [16:18:11] "GET /Troubleshooting/4-controllers-not-working/sitemap.xml HTTP/1.1" code 404
WARNING -  [16:18:11] "GET /nl/Troubleshooting/4-controllers-not-working/sitemap.xml HTTP/1.1" code 404
WARNING -  [16:18:11] "GET /de/Troubleshooting/4-controllers-not-working/sitemap.xml HTTP/1.1" code 404
WARNING -  [16:18:11] "GET /fr/Troubleshooting/4-controllers-not-working/sitemap.xml HTTP/1.1" code 404
WARNING -  [16:18:12] "GET /Troubleshooting/5-need-support/sitemap.xml HTTP/1.1" code 404
WARNING -  [16:18:12] "GET /nl/Troubleshooting/5-need-support/sitemap.xml HTTP/1.1" code 404
WARNING -  [16:18:12] "GET /fr/Troubleshooting/5-need-support/sitemap.xml HTTP/1.1" code 404
WARNING -  [16:18:12] "GET /de/Troubleshooting/5-need-support/sitemap.xml HTTP/1.1" code 404
WARNING -  [16:18:14] "GET /UsingYourBox/1-whats-in-the-box/sitemap.xml HTTP/1.1" code 404
WARNING -  [16:18:14] "GET /nl/UsingYourBox/1-whats-in-the-box/sitemap.xml HTTP/1.1" code 404
WARNING -  [16:18:14] "GET /fr/UsingYourBox/1-whats-in-the-box/sitemap.xml HTTP/1.1" code 404
WARNING -  [16:18:14] "GET /de/UsingYourBox/1-whats-in-the-box/sitemap.xml HTTP/1.1" code 404
WARNING -  [16:18:16] "GET /UsingYourBox/2-starting-the-box/sitemap.xml HTTP/1.1" code 404
WARNING -  [16:18:16] "GET /nl/UsingYourBox/2-starting-the-box/sitemap.xml HTTP/1.1" code 404
WARNING -  [16:18:16] "GET /de/UsingYourBox/2-starting-the-box/sitemap.xml HTTP/1.1" code 404
WARNING -  [16:18:16] "GET /fr/UsingYourBox/2-starting-the-box/sitemap.xml HTTP/1.1" code 404
WARNING -  [16:18:17] "GET /UsingYourBox/3-how-to-use-vr/sitemap.xml HTTP/1.1" code 404
WARNING -  [16:18:17] "GET /nl/UsingYourBox/3-how-to-use-vr/sitemap.xml HTTP/1.1" code 404
WARNING -  [16:18:17] "GET /de/UsingYourBox/3-how-to-use-vr/sitemap.xml HTTP/1.1" code 404
WARNING -  [16:18:17] "GET /fr/UsingYourBox/3-how-to-use-vr/sitemap.xml HTTP/1.1" code 404
WARNING -  [16:18:19] "GET /UsingYourBox/4-guardian-setup/sitemap.xml HTTP/1.1" code 404
WARNING -  [16:18:19] "GET /nl/UsingYourBox/4-guardian-setup/sitemap.xml HTTP/1.1" code 404
WARNING -  [16:18:19] "GET /de/UsingYourBox/4-guardian-setup/sitemap.xml HTTP/1.1" code 404
WARNING -  [16:18:19] "GET /fr/UsingYourBox/4-guardian-setup/sitemap.xml HTTP/1.1" code 404
WARNING -  [16:18:21] "GET /UsingYourBox/5-turning-off-the-box/sitemap.xml HTTP/1.1" code 404
WARNING -  [16:18:21] "GET /nl/UsingYourBox/5-turning-off-the-box/sitemap.xml HTTP/1.1" code 404
WARNING -  [16:18:21] "GET /de/UsingYourBox/5-turning-off-the-box/sitemap.xml HTTP/1.1" code 404
WARNING -  [16:18:21] "GET /fr/UsingYourBox/5-turning-off-the-box/sitemap.xml HTTP/1.1" code 404
WARNING -  [16:18:22] "GET /UsingYourBox/6-updating-your-box/sitemap.xml HTTP/1.1" code 404
WARNING -  [16:18:22] "GET /nl/UsingYourBox/6-updating-your-box/sitemap.xml HTTP/1.1" code 404
WARNING -  [16:18:22] "GET /de/UsingYourBox/6-updating-your-box/sitemap.xml HTTP/1.1" code 404
WARNING -  [16:18:22] "GET /fr/UsingYourBox/6-updating-your-box/sitemap.xml HTTP/1.1" code 404
WARNING -  [16:18:24] "GET /TrainingInVR/1-selecting-modules/sitemap.xml HTTP/1.1" code 404
WARNING -  [16:18:24] "GET /nl/TrainingInVR/1-selecting-modules/sitemap.xml HTTP/1.1" code 404
WARNING -  [16:18:24] "GET /de/TrainingInVR/1-selecting-modules/sitemap.xml HTTP/1.1" code 404
WARNING -  [16:18:24] "GET /fr/TrainingInVR/1-selecting-modules/sitemap.xml HTTP/1.1" code 404
WARNING -  [16:18:25] "GET /TrainingInVR/2-playing-a-module/sitemap.xml HTTP/1.1" code 404
WARNING -  [16:18:25] "GET /nl/TrainingInVR/2-playing-a-module/sitemap.xml HTTP/1.1" code 404
WARNING -  [16:18:25] "GET /de/TrainingInVR/2-playing-a-module/sitemap.xml HTTP/1.1" code 404
WARNING -  [16:18:25] "GET /fr/TrainingInVR/2-playing-a-module/sitemap.xml HTTP/1.1" code 404
WARNING -  [16:18:27] "GET /TrainingInVR/3-using-the-spectator/sitemap.xml HTTP/1.1" code 404
WARNING -  [16:18:27] "GET /nl/TrainingInVR/3-using-the-spectator/sitemap.xml HTTP/1.1" code 404
WARNING -  [16:18:27] "GET /de/TrainingInVR/3-using-the-spectator/sitemap.xml HTTP/1.1" code 404
WARNING -  [16:18:27] "GET /fr/TrainingInVR/3-using-the-spectator/sitemap.xml HTTP/1.1" code 404
WARNING -  [16:18:29] "GET /TrainingInVR/4-switching-students/sitemap.xml HTTP/1.1" code 404
WARNING -  [16:18:29] "GET /nl/TrainingInVR/4-switching-students/sitemap.xml HTTP/1.1" code 404
WARNING -  [16:18:29] "GET /de/TrainingInVR/4-switching-students/sitemap.xml HTTP/1.1" code 404
WARNING -  [16:18:29] "GET /fr/TrainingInVR/4-switching-students/sitemap.xml HTTP/1.1" code 404
WARNING -  [16:18:30] "GET /TrainingInVR/5-changing-language/sitemap.xml HTTP/1.1" code 404
WARNING -  [16:18:30] "GET /nl/TrainingInVR/5-changing-language/sitemap.xml HTTP/1.1" code 404
WARNING -  [16:18:30] "GET /de/TrainingInVR/5-changing-language/sitemap.xml HTTP/1.1" code 404
WARNING -  [16:18:30] "GET /fr/TrainingInVR/5-changing-language/sitemap.xml HTTP/1.1" code 404
WARNING -  [16:18:32] "GET /TrainingPortal/1-setting-up-students/sitemap.xml HTTP/1.1" code 404
WARNING -  [16:18:32] "GET /nl/TrainingPortal/1-setting-up-students/sitemap.xml HTTP/1.1" code 404
WARNING -  [16:18:32] "GET /de/TrainingPortal/1-setting-up-students/sitemap.xml HTTP/1.1" code 404
WARNING -  [16:18:32] "GET /fr/TrainingPortal/1-setting-up-students/sitemap.xml HTTP/1.1" code 404
WARNING -  [16:18:33] "GET /TrainingPortal/2-setting-up-classes/sitemap.xml HTTP/1.1" code 404
WARNING -  [16:18:33] "GET /nl/TrainingPortal/2-setting-up-classes/sitemap.xml HTTP/1.1" code 404
WARNING -  [16:18:33] "GET /de/TrainingPortal/2-setting-up-classes/sitemap.xml HTTP/1.1" code 404
WARNING -  [16:18:33] "GET /fr/TrainingPortal/2-setting-up-classes/sitemap.xml HTTP/1.1" code 404
WARNING -  [16:18:35] "GET /TrainingPortal/3-viewing-results/sitemap.xml HTTP/1.1" code 404
WARNING -  [16:18:35] "GET /nl/TrainingPortal/3-viewing-results/sitemap.xml HTTP/1.1" code 404
WARNING -  [16:18:35] "GET /de/TrainingPortal/3-viewing-results/sitemap.xml HTTP/1.1" code 404
WARNING -  [16:18:35] "GET /fr/TrainingPortal/3-viewing-results/sitemap.xml HTTP/1.1" code 404
WARNING -  [16:18:37] "GET /TrainingPortal/4-using-training-programs/sitemap.xml HTTP/1.1" code 404
WARNING -  [16:18:37] "GET /nl/TrainingPortal/4-using-training-programs/sitemap.xml HTTP/1.1" code 404
WARNING -  [16:18:37] "GET /de/TrainingPortal/4-using-training-programs/sitemap.xml HTTP/1.1" code 404
WARNING -  [16:18:37] "GET /fr/TrainingPortal/4-using-training-programs/sitemap.xml HTTP/1.1" code 404
WARNING -  [16:18:38] "GET /Troubleshooting/1-resetting-the-play-area/sitemap.xml HTTP/1.1" code 404
WARNING -  [16:18:38] "GET /nl/Troubleshooting/1-resetting-the-play-area/sitemap.xml HTTP/1.1" code 404
WARNING -  [16:18:38] "GET /de/Troubleshooting/1-resetting-the-play-area/sitemap.xml HTTP/1.1" code 404
WARNING -  [16:18:38] "GET /fr/Troubleshooting/1-resetting-the-play-area/sitemap.xml HTTP/1.1" code 404
WARNING -  [16:18:40] "GET /Troubleshooting/2-restarting-your-headset/sitemap.xml HTTP/1.1" code 404
WARNING -  [16:18:40] "GET /nl/Troubleshooting/2-restarting-your-headset/sitemap.xml HTTP/1.1" code 404
WARNING -  [16:18:40] "GET /de/Troubleshooting/2-restarting-your-headset/sitemap.xml HTTP/1.1" code 404
WARNING -  [16:18:40] "GET /fr/Troubleshooting/2-restarting-your-headset/sitemap.xml HTTP/1.1" code 404
WARNING -  [16:18:41] "GET /Troubleshooting/3-no-wifi/sitemap.xml HTTP/1.1" code 404
WARNING -  [16:18:41] "GET /nl/Troubleshooting/3-no-wifi/sitemap.xml HTTP/1.1" code 404
WARNING -  [16:18:41] "GET /fr/Troubleshooting/3-no-wifi/sitemap.xml HTTP/1.1" code 404
WARNING -  [16:18:41] "GET /de/Troubleshooting/3-no-wifi/sitemap.xml HTTP/1.1" code 404
WARNING -  [16:18:43] "GET /Troubleshooting/4-controllers-not-working/sitemap.xml HTTP/1.1" code 404
WARNING -  [16:18:43] "GET /nl/Troubleshooting/4-controllers-not-working/sitemap.xml HTTP/1.1" code 404
WARNING -  [16:18:43] "GET /fr/Troubleshooting/4-controllers-not-working/sitemap.xml HTTP/1.1" code 404
WARNING -  [16:18:43] "GET /de/Troubleshooting/4-controllers-not-working/sitemap.xml HTTP/1.1" code 404
WARNING -  [16:18:45] "GET /Troubleshooting/5-need-support/sitemap.xml HTTP/1.1" code 404
WARNING -  [16:18:45] "GET /fr/Troubleshooting/5-need-support/sitemap.xml HTTP/1.1" code 404
WARNING -  [16:18:45] "GET /nl/Troubleshooting/5-need-support/sitemap.xml HTTP/1.1" code 404
WARNING -  [16:18:45] "GET /de/Troubleshooting/5-need-support/sitemap.xml HTTP/1.1" code 404
WARNING -  [16:18:46] "GET /UsingYourBox/1-whats-in-the-box/sitemap.xml HTTP/1.1" code 404
WARNING -  [16:18:46] "GET /nl/UsingYourBox/1-whats-in-the-box/sitemap.xml HTTP/1.1" code 404
WARNING -  [16:18:46] "GET /fr/UsingYourBox/1-whats-in-the-box/sitemap.xml HTTP/1.1" code 404
WARNING -  [16:18:46] "GET /de/UsingYourBox/1-whats-in-the-box/sitemap.xml HTTP/1.1" code 404
WARNING -  [16:18:48] "GET /UsingYourBox/2-starting-the-box/sitemap.xml HTTP/1.1" code 404
WARNING -  [16:18:48] "GET /nl/UsingYourBox/2-starting-the-box/sitemap.xml HTTP/1.1" code 404
WARNING -  [16:18:48] "GET /de/UsingYourBox/2-starting-the-box/sitemap.xml HTTP/1.1" code 404
WARNING -  [16:18:48] "GET /fr/UsingYourBox/2-starting-the-box/sitemap.xml HTTP/1.1" code 404
WARNING -  [16:18:49] "GET /UsingYourBox/3-how-to-use-vr/sitemap.xml HTTP/1.1" code 404
WARNING -  [16:18:49] "GET /nl/UsingYourBox/3-how-to-use-vr/sitemap.xml HTTP/1.1" code 404
WARNING -  [16:18:49] "GET /de/UsingYourBox/3-how-to-use-vr/sitemap.xml HTTP/1.1" code 404
WARNING -  [16:18:49] "GET /fr/UsingYourBox/3-how-to-use-vr/sitemap.xml HTTP/1.1" code 404
WARNING -  [16:18:51] "GET /UsingYourBox/4-guardian-setup/sitemap.xml HTTP/1.1" code 404
WARNING -  [16:18:51] "GET /nl/UsingYourBox/4-guardian-setup/sitemap.xml HTTP/1.1" code 404
WARNING -  [16:18:51] "GET /fr/UsingYourBox/4-guardian-setup/sitemap.xml HTTP/1.1" code 404
WARNING -  [16:18:51] "GET /de/UsingYourBox/4-guardian-setup/sitemap.xml HTTP/1.1" code 404
WARNING -  [16:18:53] "GET /UsingYourBox/5-turning-off-the-box/sitemap.xml HTTP/1.1" code 404
WARNING -  [16:18:53] "GET /nl/UsingYourBox/5-turning-off-the-box/sitemap.xml HTTP/1.1" code 404
WARNING -  [16:18:53] "GET /de/UsingYourBox/5-turning-off-the-box/sitemap.xml HTTP/1.1" code 404
WARNING -  [16:18:53] "GET /fr/UsingYourBox/5-turning-off-the-box/sitemap.xml HTTP/1.1" code 404
WARNING -  [16:18:54] "GET /UsingYourBox/6-updating-your-box/sitemap.xml HTTP/1.1" code 404
WARNING -  [16:18:54] "GET /nl/UsingYourBox/6-updating-your-box/sitemap.xml HTTP/1.1" code 404
WARNING -  [16:18:54] "GET /de/UsingYourBox/6-updating-your-box/sitemap.xml HTTP/1.1" code 404
WARNING -  [16:18:54] "GET /fr/UsingYourBox/6-updating-your-box/sitemap.xml HTTP/1.1" code 404
